------------------------------------------------------------
Timing Analyzer Summary
------------------------------------------------------------

Type  : Slow 1100mV 85C Model Setup 'clk'
Slack : -3.219
TNS   : -250.064

Type  : Slow 1100mV 85C Model Setup 'pll:vgapll|toggle'
Slack : -3.045
TNS   : -68.233

Type  : Slow 1100mV 85C Model Setup 'rst'
Slack : -2.772
TNS   : -22.498

Type  : Slow 1100mV 85C Model Hold 'clk'
Slack : 0.367
TNS   : 0.000

Type  : Slow 1100mV 85C Model Hold 'pll:vgapll|toggle'
Slack : 0.735
TNS   : 0.000

Type  : Slow 1100mV 85C Model Hold 'rst'
Slack : 0.913
TNS   : 0.000

Type  : Slow 1100mV 85C Model Recovery 'clk'
Slack : -2.451
TNS   : -112.966

Type  : Slow 1100mV 85C Model Removal 'clk'
Slack : 0.571
TNS   : 0.000

Type  : Slow 1100mV 85C Model Minimum Pulse Width 'clk'
Slack : -0.548
TNS   : -59.870

Type  : Slow 1100mV 85C Model Minimum Pulse Width 'pll:vgapll|toggle'
Slack : -0.394
TNS   : -12.670

Type  : Slow 1100mV 85C Model Minimum Pulse Width 'rst'
Slack : 0.201
TNS   : 0.000

Type  : Slow 1100mV 0C Model Setup 'clk'
Slack : -3.137
TNS   : -243.855

Type  : Slow 1100mV 0C Model Setup 'pll:vgapll|toggle'
Slack : -3.014
TNS   : -68.173

Type  : Slow 1100mV 0C Model Setup 'rst'
Slack : -2.894
TNS   : -23.520

Type  : Slow 1100mV 0C Model Hold 'clk'
Slack : 0.240
TNS   : 0.000

Type  : Slow 1100mV 0C Model Hold 'pll:vgapll|toggle'
Slack : 0.732
TNS   : 0.000

Type  : Slow 1100mV 0C Model Hold 'rst'
Slack : 0.986
TNS   : 0.000

Type  : Slow 1100mV 0C Model Recovery 'clk'
Slack : -2.142
TNS   : -98.544

Type  : Slow 1100mV 0C Model Removal 'clk'
Slack : 0.358
TNS   : 0.000

Type  : Slow 1100mV 0C Model Minimum Pulse Width 'clk'
Slack : -0.523
TNS   : -64.496

Type  : Slow 1100mV 0C Model Minimum Pulse Width 'pll:vgapll|toggle'
Slack : -0.394
TNS   : -12.443

Type  : Slow 1100mV 0C Model Minimum Pulse Width 'rst'
Slack : 0.204
TNS   : 0.000

Type  : Fast 1100mV 85C Model Setup 'clk'
Slack : -2.498
TNS   : -119.424

Type  : Fast 1100mV 85C Model Setup 'pll:vgapll|toggle'
Slack : -1.321
TNS   : -29.545

Type  : Fast 1100mV 85C Model Setup 'rst'
Slack : -1.066
TNS   : -8.039

Type  : Fast 1100mV 85C Model Hold 'clk'
Slack : 0.184
TNS   : 0.000

Type  : Fast 1100mV 85C Model Hold 'rst'
Slack : 0.327
TNS   : 0.000

Type  : Fast 1100mV 85C Model Hold 'pll:vgapll|toggle'
Slack : 0.381
TNS   : 0.000

Type  : Fast 1100mV 85C Model Recovery 'clk'
Slack : -2.044
TNS   : -79.405

Type  : Fast 1100mV 85C Model Removal 'clk'
Slack : 0.303
TNS   : 0.000

Type  : Fast 1100mV 85C Model Minimum Pulse Width 'clk'
Slack : -0.503
TNS   : -10.519

Type  : Fast 1100mV 85C Model Minimum Pulse Width 'rst'
Slack : -0.020
TNS   : -0.030

Type  : Fast 1100mV 85C Model Minimum Pulse Width 'pll:vgapll|toggle'
Slack : 0.047
TNS   : 0.000

Type  : Fast 1100mV 0C Model Setup 'clk'
Slack : -2.140
TNS   : -102.544

Type  : Fast 1100mV 0C Model Setup 'pll:vgapll|toggle'
Slack : -1.179
TNS   : -26.556

Type  : Fast 1100mV 0C Model Setup 'rst'
Slack : -0.995
TNS   : -7.494

Type  : Fast 1100mV 0C Model Hold 'clk'
Slack : 0.111
TNS   : 0.000

Type  : Fast 1100mV 0C Model Hold 'rst'
Slack : 0.297
TNS   : 0.000

Type  : Fast 1100mV 0C Model Hold 'pll:vgapll|toggle'
Slack : 0.347
TNS   : 0.000

Type  : Fast 1100mV 0C Model Recovery 'clk'
Slack : -1.732
TNS   : -67.166

Type  : Fast 1100mV 0C Model Removal 'clk'
Slack : 0.249
TNS   : 0.000

Type  : Fast 1100mV 0C Model Minimum Pulse Width 'clk'
Slack : -0.469
TNS   : -10.229

Type  : Fast 1100mV 0C Model Minimum Pulse Width 'rst'
Slack : -0.015
TNS   : -0.026

Type  : Fast 1100mV 0C Model Minimum Pulse Width 'pll:vgapll|toggle'
Slack : 0.072
TNS   : 0.000

------------------------------------------------------------
