------------------------------------------------------------
Timing Analyzer Summary
------------------------------------------------------------

Type  : Slow 1100mV 85C Model Setup 'clk'
Slack : -13.611
TNS   : -1647.478

Type  : Slow 1100mV 85C Model Setup 'pll:vgapll|toggle'
Slack : -3.263
TNS   : -82.404

Type  : Slow 1100mV 85C Model Hold 'clk'
Slack : 0.360
TNS   : 0.000

Type  : Slow 1100mV 85C Model Hold 'pll:vgapll|toggle'
Slack : 0.734
TNS   : 0.000

Type  : Slow 1100mV 85C Model Recovery 'clk'
Slack : -1.451
TNS   : -43.059

Type  : Slow 1100mV 85C Model Removal 'clk'
Slack : 1.041
TNS   : 0.000

Type  : Slow 1100mV 85C Model Minimum Pulse Width 'clk'
Slack : -0.471
TNS   : -176.064

Type  : Slow 1100mV 85C Model Minimum Pulse Width 'pll:vgapll|toggle'
Slack : -0.394
TNS   : -13.634

Type  : Slow 1100mV 0C Model Setup 'clk'
Slack : -13.594
TNS   : -1630.459

Type  : Slow 1100mV 0C Model Setup 'pll:vgapll|toggle'
Slack : -3.222
TNS   : -82.224

Type  : Slow 1100mV 0C Model Hold 'clk'
Slack : 0.338
TNS   : 0.000

Type  : Slow 1100mV 0C Model Hold 'pll:vgapll|toggle'
Slack : 0.727
TNS   : 0.000

Type  : Slow 1100mV 0C Model Recovery 'clk'
Slack : -1.422
TNS   : -41.766

Type  : Slow 1100mV 0C Model Removal 'clk'
Slack : 0.979
TNS   : 0.000

Type  : Slow 1100mV 0C Model Minimum Pulse Width 'clk'
Slack : -0.473
TNS   : -189.526

Type  : Slow 1100mV 0C Model Minimum Pulse Width 'pll:vgapll|toggle'
Slack : -0.394
TNS   : -13.464

Type  : Fast 1100mV 85C Model Setup 'clk'
Slack : -7.261
TNS   : -824.077

Type  : Fast 1100mV 85C Model Setup 'pll:vgapll|toggle'
Slack : -1.515
TNS   : -37.849

Type  : Fast 1100mV 85C Model Hold 'clk'
Slack : 0.178
TNS   : 0.000

Type  : Fast 1100mV 85C Model Hold 'pll:vgapll|toggle'
Slack : 0.376
TNS   : 0.000

Type  : Fast 1100mV 85C Model Recovery 'clk'
Slack : -0.516
TNS   : -14.283

Type  : Fast 1100mV 85C Model Removal 'clk'
Slack : 0.590
TNS   : 0.000

Type  : Fast 1100mV 85C Model Minimum Pulse Width 'clk'
Slack : -0.467
TNS   : -29.685

Type  : Fast 1100mV 85C Model Minimum Pulse Width 'pll:vgapll|toggle'
Slack : 0.130
TNS   : 0.000

Type  : Fast 1100mV 0C Model Setup 'clk'
Slack : -6.581
TNS   : -733.221

Type  : Fast 1100mV 0C Model Setup 'pll:vgapll|toggle'
Slack : -1.368
TNS   : -34.425

Type  : Fast 1100mV 0C Model Hold 'clk'
Slack : 0.170
TNS   : 0.000

Type  : Fast 1100mV 0C Model Hold 'pll:vgapll|toggle'
Slack : 0.345
TNS   : 0.000

Type  : Fast 1100mV 0C Model Recovery 'clk'
Slack : -0.405
TNS   : -10.893

Type  : Fast 1100mV 0C Model Removal 'clk'
Slack : 0.530
TNS   : 0.000

Type  : Fast 1100mV 0C Model Minimum Pulse Width 'clk'
Slack : -0.456
TNS   : -29.441

Type  : Fast 1100mV 0C Model Minimum Pulse Width 'pll:vgapll|toggle'
Slack : 0.140
TNS   : 0.000

------------------------------------------------------------
